---
source: crates/ty_test/src/lib.rs
assertion_line: 624
expression: snapshot
---

---
mdtest name: scoping.md - Scoping rules for type variables - Type parameter defaults cannot reference outer-scope type parameters - Type alias nested in class
mdtest path: crates/ty_python_semantic/resources/mdtest/generics/scoping.md
---

# Python source files

## mdtest_snippet.py

```
1 | class C[T]:
2 |     # error: [invalid-type-variable-default]
3 |     type Alias[U = T] = list[U]
4 | 
5 |     type Ok[U = int] = list[U]  # OK
```

# Diagnostics

```
error[invalid-type-variable-default]: Type parameter `U` cannot use type parameter `T` from an outer scope as its default
 --> src/mdtest_snippet.py:3:20
  |
1 | class C[T]:
2 |     # error: [invalid-type-variable-default]
3 |     type Alias[U = T] = list[U]
  |                    ^
4 |
5 |     type Ok[U = int] = list[U]  # OK
  |
info: rule `invalid-type-variable-default` is enabled by default

```
